// Jest Snapshot v1, https://goo.gl/fbAQLP

exports[`HealthBar Component render snaphost 1`] = `
.c0 {
  display: -webkit-box;
  display: -webkit-flex;
  display: -ms-flexbox;
  display: flex;
  height: 120px;
  -webkit-flex-direction: column;
  -ms-flex-direction: column;
  flex-direction: column;
  position: relative;
}

.c3 {
  height: 2rem;
  display: -webkit-box;
  display: -webkit-flex;
  display: -ms-flexbox;
  display: flex;
  -webkit-box-pack: center;
  -webkit-justify-content: center;
  -ms-flex-pack: center;
  justify-content: center;
  -webkit-align-items: center;
  -webkit-box-align: center;
  -ms-flex-align: center;
  align-items: center;
  color: white;
  font-weight: bold;
}

.c1 {
  background-color: white;
  -webkit-box-flex: 1;
  -webkit-flex-grow: 1;
  -ms-flex-positive: 1;
  flex-grow: 1;
  border-radius: 3px;
  width: 32px;
  display: -webkit-box;
  display: -webkit-flex;
  display: -ms-flexbox;
  display: flex;
  -webkit-align-items: flex-end;
  -webkit-box-align: flex-end;
  -ms-flex-align: flex-end;
  align-items: flex-end;
  padding: 2px;
}

.c2 {
  background-color: #51da51;
  border-radius: 4px;
  display: block;
  width: 100%;
  height: 100%;
  -webkit-transition: height 1s ease-in-out;
  transition: height 1s ease-in-out;
}

@media (min-width:769px) {
  .c0 {
    height: 260px;
  }
}

<div
  class="c0"
  data-testid="HealthBar"
>
  <div
    class="c1"
  >
    <div
      class="c2"
    />
  </div>
  <div
    class="c3"
  >
    100
  </div>
</div>
`;
